e92c7a90-6bf0-4c35-817d-fd9505050830:v
e92c7a90-6bf0-4c35-817d-fd9505050830:u
e92c7a90-6bf0-4c35-817d-fd9505050830:Iext
055edf9e-8eb2-4812-abb2-e3e6f5be12e1:u
055edf9e-8eb2-4812-abb2-e3e6f5be12e1:v
917c40a3-2881-4b6e-8d5c-3fff0145a898:stimulus_current
